127.0.0.1 - - [27/Dec/2016:11:33:15 -0600] "GET / HTTP/1.1" 404 961
0:0:0:0:0:0:0:1 - - [27/Dec/2016:11:34:33 -0600] "GET /ctc.traccar.web/User HTTP/1.1" 404 1001
0:0:0:0:0:0:0:1 - - [27/Dec/2016:11:34:33 -0600] "GET /favicon.ico HTTP/1.1" 404 983
0:0:0:0:0:0:0:1 - - [27/Dec/2016:11:35:46 -0600] "GET /ctc.traccar.web/User.htm HTTP/1.1" 200 1938
0:0:0:0:0:0:0:1 - - [27/Dec/2016:11:35:55 -0600] "GET /ctc.traccar.web/User.htm HTTP/1.1" 200 1938
0:0:0:0:0:0:0:1 - - [27/Dec/2016:11:37:25 -0600] "GET /ctc.traccar.web/User.htm HTTP/1.1" 200 1938
0:0:0:0:0:0:0:1 - - [27/Dec/2016:11:37:31 -0600] "GET /ctc.traccar.web/User.htm HTTP/1.1" 200 1938
0:0:0:0:0:0:0:1 - - [27/Dec/2016:11:37:40 -0600] "GET /ctc.traccar.web/User.htm HTTP/1.1" 200 1938
0:0:0:0:0:0:0:1 - - [27/Dec/2016:11:38:00 -0600] "POST /ctc.traccar.web/User.htm HTTP/1.1" 405 1062
0:0:0:0:0:0:0:1 - - [27/Dec/2016:11:38:03 -0600] "GET /ctc.traccar.web/User.htm HTTP/1.1" 200 1938
127.0.0.1 - - [27/Dec/2016:12:02:04 -0600] "GET / HTTP/1.1" 404 961
0:0:0:0:0:0:0:1 - - [27/Dec/2016:12:02:23 -0600] "GET /ctc.traccar.web/User.htm HTTP/1.1" 200 1938
0:0:0:0:0:0:0:1 - - [27/Dec/2016:12:02:34 -0600] "GET /ctc.traccar.web/User/ HTTP/1.1" 200 1938
0:0:0:0:0:0:0:1 - - [27/Dec/2016:12:03:25 -0600] "GET /ctc.traccar.web/User/1 HTTP/1.1" 200 399
0:0:0:0:0:0:0:1 - - [27/Dec/2016:12:05:54 -0600] "GET /ctc.traccar.web/User/Email/marcoalavez@andtrack.com.mx HTTP/1.1" 200 4
0:0:0:0:0:0:0:1 - - [27/Dec/2016:12:07:34 -0600] "GET /ctc.traccar.web/User/Email/marcoalavez@andtrack.com.mx HTTP/1.1" 200 4
127.0.0.1 - - [27/Dec/2016:12:11:50 -0600] "GET / HTTP/1.1" 404 961
0:0:0:0:0:0:0:1 - - [27/Dec/2016:12:12:34 -0600] "GET /ctc.traccar.web/User/Email/marcoalavez@andtrack.com.mx HTTP/1.1" 200 4
0:0:0:0:0:0:0:1 - - [27/Dec/2016:12:13:56 -0600] "GET /ctc.traccar.web/User/Email/marcoalavez@andtrack.com.mx HTTP/1.1" 200 4
0:0:0:0:0:0:0:1 - - [27/Dec/2016:12:14:06 -0600] "GET /ctc.traccar.web/User/2343 HTTP/1.1" 200 4
0:0:0:0:0:0:0:1 - - [27/Dec/2016:12:14:36 -0600] "GET /ctc.traccar.web/User/2 HTTP/1.1" 200 377
0:0:0:0:0:0:0:1 - - [27/Dec/2016:12:15:10 -0600] "GET /ctc.traccar.web/User/Email/malavez@gmail.com HTTP/1.1" 200 4
0:0:0:0:0:0:0:1 - - [27/Dec/2016:12:17:25 -0600] "GET /ctc.traccar.web/User/Email/malavez@gmail.com HTTP/1.1" 200 4
0:0:0:0:0:0:0:1 - - [27/Dec/2016:12:20:37 -0600] "GET /ctc.traccar.web/User/Email/malavez@gmail.com HTTP/1.1" 200 4
127.0.0.1 - - [27/Dec/2016:12:27:07 -0600] "GET / HTTP/1.1" 404 961
0:0:0:0:0:0:0:1 - - [27/Dec/2016:12:27:12 -0600] "GET /ctc.traccar.web/User/Email/malavez@gmail.com HTTP/1.1" 200 4
0:0:0:0:0:0:0:1 - - [27/Dec/2016:12:27:30 -0600] "GET /ctc.traccar.web/User/ HTTP/1.1" 200 1938
0:0:0:0:0:0:0:1 - - [27/Dec/2016:12:28:15 -0600] "GET /ctc.traccar.web/User/4 HTTP/1.1" 200 382
0:0:0:0:0:0:0:1 - - [27/Dec/2016:12:28:55 -0600] "GET /ctc.traccar.web/User/ HTTP/1.1" 200 1938
0:0:0:0:0:0:0:1 - - [27/Dec/2016:12:29:09 -0600] "GET /ctc.traccar.web/User/5 HTTP/1.1" 200 370
0:0:0:0:0:0:0:1 - - [27/Dec/2016:12:29:35 -0600] "GET /ctc.traccar.web/User/francr8087@gmail.com HTTP/1.1" 200 27
0:0:0:0:0:0:0:1 - - [27/Dec/2016:12:29:55 -0600] "GET /ctc.traccar.web/User/Email/francr8087@gmail.com HTTP/1.1" 200 4
0:0:0:0:0:0:0:1 - - [27/Dec/2016:12:29:58 -0600] "GET /ctc.traccar.web/User/Email/francr8087@gmail.com HTTP/1.1" 200 4
0:0:0:0:0:0:0:1 - - [27/Dec/2016:12:31:43 -0600] "GET /ctc.traccar.web/User/Email/francr8087@gmail.com HTTP/1.1" 200 4
127.0.0.1 - - [27/Dec/2016:12:44:51 -0600] "GET / HTTP/1.1" 404 961
0:0:0:0:0:0:0:1 - - [27/Dec/2016:12:45:17 -0600] "GET /ctc.traccar.web/User/Email/francr8087@gmail.com HTTP/1.1" 200 4
0:0:0:0:0:0:0:1 - - [27/Dec/2016:12:45:47 -0600] "GET /ctc.traccar.web/User/Email/francr8087@gmail.com/ HTTP/1.1" 200 370
0:0:0:0:0:0:0:1 - - [27/Dec/2016:12:45:59 -0600] "GET /ctc.traccar.web/User/ HTTP/1.1" 200 1938
0:0:0:0:0:0:0:1 - - [27/Dec/2016:12:46:37 -0600] "GET /ctc.traccar.web/User/Email/marcoalavez@andtrack.com.mx/ HTTP/1.1" 200 4
127.0.0.1 - - [27/Dec/2016:16:10:12 -0600] "GET / HTTP/1.1" 404 961
0:0:0:0:0:0:0:1 - - [27/Dec/2016:16:15:48 -0600] "GET /ctc.traccar.web/User/Email/marcoalavez@andtrack.com.mx/ HTTP/1.1" 406 1091
0:0:0:0:0:0:0:1 - - [27/Dec/2016:16:16:11 -0600] "GET /ctc.traccar.web/User/ HTTP/1.1" 406 1091
0:0:0:0:0:0:0:1 - - [27/Dec/2016:16:17:27 -0600] "GET /ctc.traccar.web/User/ HTTP/1.1" 406 1091
127.0.0.1 - - [27/Dec/2016:16:26:33 -0600] "GET / HTTP/1.1" 404 961
0:0:0:0:0:0:0:1 - - [27/Dec/2016:16:26:44 -0600] "GET /ctc.traccar.web/User/ HTTP/1.1" 406 1091
0:0:0:0:0:0:0:1 - - [27/Dec/2016:16:26:49 -0600] "GET /ctc.traccar.web/User/ HTTP/1.1" 406 1091
127.0.0.1 - - [27/Dec/2016:16:37:36 -0600] "GET / HTTP/1.1" 404 961
0:0:0:0:0:0:0:1 - - [27/Dec/2016:16:37:47 -0600] "GET /ctc.traccar.web/User/ HTTP/1.1" 406 1091
0:0:0:0:0:0:0:1 - - [27/Dec/2016:16:37:53 -0600] "GET /ctc.traccar.web/User/1 HTTP/1.1" 200 399
127.0.0.1 - - [27/Dec/2016:16:46:35 -0600] "GET / HTTP/1.1" 404 961
0:0:0:0:0:0:0:1 - - [27/Dec/2016:16:47:02 -0600] "GET /ctc.traccar.web/User/Email/francr8087@gmail.com/ HTTP/1.1" 200 372
0:0:0:0:0:0:0:1 - - [27/Dec/2016:16:47:21 -0600] "GET /ctc.traccar.web/User/Email/francr8087@mail.com/ HTTP/1.1" 200 2
0:0:0:0:0:0:0:1 - - [27/Dec/2016:16:47:30 -0600] "GET /ctc.traccar.web/User/Email/ HTTP/1.1" 200 -
0:0:0:0:0:0:0:1 - - [27/Dec/2016:16:47:38 -0600] "GET /ctc.traccar.web/User/Emai HTTP/1.1" 200 -
0:0:0:0:0:0:0:1 - - [27/Dec/2016:16:47:44 -0600] "GET /ctc.traccar.web/User/Email/francr8087@mail.com/ HTTP/1.1" 200 2
0:0:0:0:0:0:0:1 - - [27/Dec/2016:16:47:47 -0600] "GET /ctc.traccar.web/User/Email/francr8087@gmail.com/ HTTP/1.1" 200 372
127.0.0.1 - - [27/Dec/2016:16:56:36 -0600] "GET / HTTP/1.1" 404 961
0:0:0:0:0:0:0:1 - - [27/Dec/2016:16:57:21 -0600] "GET /ctc.traccar.web/User/Email/francr8087@gmail.com/ HTTP/1.1" 406 1091
0:0:0:0:0:0:0:1 - - [27/Dec/2016:16:58:27 -0600] "GET /ctc.traccar.web/User/Email/francr8087@gmail.com/ HTTP/1.1" 406 1091
0:0:0:0:0:0:0:1 - - [27/Dec/2016:16:59:07 -0600] "GET /ctc.traccar.web/User/Email/francr8087@gmail.com/ HTTP/1.1" 406 1091
127.0.0.1 - - [27/Dec/2016:17:03:49 -0600] "GET / HTTP/1.1" 404 961
0:0:0:0:0:0:0:1 - - [27/Dec/2016:17:03:57 -0600] "GET /ctc.traccar.web/User/Email/francr8087@gmail.com/ HTTP/1.1" 200 372
127.0.0.1 - - [27/Dec/2016:17:17:09 -0600] "GET / HTTP/1.1" 404 961
0:0:0:0:0:0:0:1 - - [27/Dec/2016:17:17:12 -0600] "GET /ctc.traccar.web/User/Email/francr8087@gmail.com/ HTTP/1.1" 200 372
0:0:0:0:0:0:0:1 - - [27/Dec/2016:17:17:14 -0600] "GET /ctc.traccar.web/User/Email/francr8087@gmail.com/ HTTP/1.1" 200 372
0:0:0:0:0:0:0:1 - - [27/Dec/2016:17:18:28 -0600] "GET /ctc.traccar.web/User/1 HTTP/1.1" 200 399
0:0:0:0:0:0:0:1 - - [27/Dec/2016:17:18:39 -0600] "GET /ctc.traccar.web/User/1 HTTP/1.1" 200 399
0:0:0:0:0:0:0:1 - - [27/Dec/2016:17:18:44 -0600] "GET /ctc.traccar.web/User/2 HTTP/1.1" 200 377
0:0:0:0:0:0:0:1 - - [27/Dec/2016:17:18:47 -0600] "GET /ctc.traccar.web/User/3 HTTP/1.1" 200 404
0:0:0:0:0:0:0:1 - - [27/Dec/2016:17:18:52 -0600] "GET /ctc.traccar.web/User/4 HTTP/1.1" 200 382
0:0:0:0:0:0:0:1 - - [27/Dec/2016:17:18:58 -0600] "GET /ctc.traccar.web/User/5 HTTP/1.1" 200 370
0:0:0:0:0:0:0:1 - - [27/Dec/2016:17:19:02 -0600] "GET /ctc.traccar.web/User/6 HTTP/1.1" 200 4
0:0:0:0:0:0:0:1 - - [27/Dec/2016:17:19:14 -0600] "GET /ctc.traccar.web/User/1 HTTP/1.1" 200 399
0:0:0:0:0:0:0:1 - - [27/Dec/2016:17:19:16 -0600] "GET /ctc.traccar.web/User/1 HTTP/1.1" 200 399
0:0:0:0:0:0:0:1 - - [27/Dec/2016:17:19:18 -0600] "GET /ctc.traccar.web/User/ HTTP/1.1" 200 1938
127.0.0.1 - - [27/Dec/2016:17:50:35 -0600] "GET / HTTP/1.1" 404 961
0:0:0:0:0:0:0:1 - - [27/Dec/2016:17:53:28 -0600] "GET /ctc.traccar.web/User/1 HTTP/1.1" 200 399
0:0:0:0:0:0:0:1 - - [27/Dec/2016:17:53:33 -0600] "GET /ctc.traccar.web/User/ HTTP/1.1" 200 1938
0:0:0:0:0:0:0:1 - - [27/Dec/2016:17:53:38 -0600] "GET /ctc.traccar.web/User/Email/francr8087@gmail.com/ HTTP/1.1" 200 372
0:0:0:0:0:0:0:1 - - [27/Dec/2016:17:53:41 -0600] "GET /ctc.traccar.web/User/Email/francr8087@gmail.com HTTP/1.1" 200 2
0:0:0:0:0:0:0:1 - - [27/Dec/2016:17:53:49 -0600] "GET /ctc.traccar.web/User/Email/1/ HTTP/1.1" 200 2
0:0:0:0:0:0:0:1 - - [27/Dec/2016:17:53:53 -0600] "GET /ctc.traccar.web/User/1/ HTTP/1.1" 200 399
0:0:0:0:0:0:0:1 - - [27/Dec/2016:17:54:05 -0600] "GET /ctc.traccar.web/User/1/UserSettings HTTP/1.1" 200 4
